// Jest Snapshot v1, https://goo.gl/fbAQLP

exports[`matches snapshot 1`] = `
<div>
  <div>
    <h1>
      Registration Details 
    </h1>
    <br />
  </div>
  <div>
    <p>
      <Link
        to="/issue2"
      >
        <button
          className="btn btn-dark"
        >
          Back
        </button>
      </Link>
    </p>
  </div>
</div>
`;
